Starting /home/mikolaj/local/bin/my_3diel_solver for molecule named scratch/PRTA/ARG15/site_p
using the following physical conditions:
Exterior dielectric constant, epsext = 80
Solvent probe radius, solrad = 1.4
Ion exclusion layer thickness, sterln = 2
Temperature, T = 300
Ionic strength, ionicstr = 0.1
Hueckel factor (epsext*kappasq) = 0.843038
Debye length 1/kappa = 9.7414
ln(10) * kBolt * T = 0.00413389
kBolt = 5.98442e-06
conconv = 0.000602214
econv = 332.063
Bohr radius = 0.529177
Proton Charge = 1
elementary_charge = 1.60218e-19
energy_unit = 2.30707e-18
Avogadro_Number = 6.02214e+23
voltconv = 14.3996
pkconv = 241.903
  Solute interior dielectric, epsin1 = 1
  Protein interior dielectric constant, epsin2 = 4
Vacuum dielectric constant, epsvac = 1

No blab level set (so no blabbing)
Using finite difference method with lattice levels:
                   Centering Style   grid dimension    spacing
Coarsest level: ON_GEOM_CENT resolved to (24.1776, 30.1496, 6.10909)) 121 2
Finer level:    (34.7817, 25.4981, 13.7089) 101 1
Finer level:    (34.7817, 25.4981, 13.7089) 101 0.5
Finest level:   (34.7817, 25.4981, 13.7089) 101 0.25


Self energy of scratch/PRTA/ARG15/site_p in three dielectric environment = 630.485
(probably in kcal/mole, INCLUDING GRID ARTEFACTS)


Interaction energy of scratch/PRTA/ARG15/site_p with background charge set in three dielectric environment = -0.730591
(probably in kcal/mole)



Interaction energies of scratch/PRTA/ARG15/site_p with charges of given instances of sites (probably in kcal/mole).
Format: site instance energy

0   0 : 0.00133032
0   1 : -0.0293772
1   0 : -0.00438149
1   1 : -0.107798
2   0 : 0.00492535
2   1 : -0.0355729
3   0 : -0.00299898
3   1 : -0.0354396
4   0 : 0.0523354
4   1 : 0.00413717
5   0 : 0.0122051
5   1 : -0.24996
6   0 : 0.0014736
6   1 : -0.115072
7   0 : 1260.93
7   1 : 549.789
8   0 : 0.161089
8   1 : 0.00496193
9   0 : -0.274486
9   1 : -1.19929
10   0 : 0.000720803
10   1 : -0.0499546
11   0 : -0.000706197
11   1 : -0.00875776
12   0 : 0.0169007
12   1 : 0.000810656
13   0 : -0.00702764
13   1 : -0.197717
14   0 : -0.00175868
14   1 : -0.210996
Total runtime: 9.6 s user 0.08 s system 
