Starting /home/mikolaj/local/bin//my_3diel_solver for molecule named scratch/PRTA/CYS39//site_p
using the following physical conditions:
Exterior dielectric constant, epsext = 80
Solvent probe radius, solrad = 1.4
Ion exclusion layer thickness, sterln = 2
Temperature, T = 300
Ionic strength, ionicstr = 0.1
Hueckel factor (epsext*kappasq) = 0.843038
Debye length 1/kappa = 9.7414
ln(10) * kBolt * T = 0.00413389
kBolt = 5.98442e-06
conconv = 0.000602214
econv = 332.063
Bohr radius = 0.529177
Proton Charge = 1
elementary_charge = 1.60218e-19
energy_unit = 2.30707e-18
Avogadro_Number = 6.02214e+23
voltconv = 14.3996
pkconv = 241.903
  Solute interior dielectric, epsin1 = 1
  Protein interior dielectric constant, epsin2 = 4
Vacuum dielectric constant, epsvac = 1

No blab level set (so no blabbing)
Using finite difference method with lattice levels:
                   Centering Style   grid dimension    spacing
Coarsest level: ON_GEOM_CENT resolved to (13.319, 37.4012, 4.51304)) 121 2
Finer level:    (9.33697, 43.9805, 4.77044) 101 1
Finer level:    (9.33697, 43.9805, 4.77044) 101 0.5
Finest level:   (9.33697, 43.9805, 4.77044) 101 0.25


Self energy of scratch/PRTA/CYS39//site_p in three dielectric environment = 21.9159
(probably in kcal/mole, INCLUDING GRID ARTEFACTS)


Interaction energy of scratch/PRTA/CYS39//site_p with background charge set in three dielectric environment = -0.731262
(probably in kcal/mole)



Interaction energies of scratch/PRTA/CYS39//site_p with charges of given instances of sites (probably in kcal/mole).
Format: site instance energy

0   0 : -0.00444497
0   1 : -0.000128422
1   0 : -0.217772
1   1 : -0.932557
2   0 : 0.00976935
2   1 : 0.000748552
3   0 : -0.0804564
3   1 : -0.298631
4   0 : 0.0560092
4   1 : 0.276994
5   0 : -4.85922e-05
5   1 : 0.0443707
6   0 : -0.00160377
6   1 : 0.0104784
7   0 : -0.00230233
7   1 : 0.0063541
8   0 : -0.000386531
8   1 : 0.0026279
9   0 : -0.00336982
9   1 : 0.0650387
10   0 : -0.000920302
10   1 : 0.00894245
11   0 : -0.000432891
11   1 : -2.29395e-05
12   0 : 0.000256951
12   1 : 0.00106557
13   0 : 8.06931e-05
13   1 : 0.00118417
14   0 : 0.000157443
14   1 : -0.00162276
15   0 : 0.000484723
15   1 : 0.00128355
16   0 : 43.8302
16   1 : 65.288
17   0 : -0.235404
17   1 : -1.07118
18   0 : 0.000444171
18   1 : 0.000206926
19   0 : 0.00814138
19   1 : -0.0264377
20   0 : -8.41709e-05
20   1 : -0.00271749
21   0 : -0.000596741
21   1 : -5.73397e-05
22   0 : 2.26048e-05
22   1 : -2.60952e-05
23   0 : -3.32206e-05
23   1 : -0.000205481
Total runtime: 15.74 s user 0.13 s system 
