Starting /home/mikolaj/local/bin//my_3diel_solver for molecule named scratch/PRTA/LYS3//site_d
using the following physical conditions:
Exterior dielectric constant, epsext = 80
Solvent probe radius, solrad = 1.4
Ion exclusion layer thickness, sterln = 2
Temperature, T = 300
Ionic strength, ionicstr = 0.1
Hueckel factor (epsext*kappasq) = 0.843038
Debye length 1/kappa = 9.7414
ln(10) * kBolt * T = 0.00413389
kBolt = 5.98442e-06
conconv = 0.000602214
econv = 332.063
Bohr radius = 0.529177
Proton Charge = 1
elementary_charge = 1.60218e-19
energy_unit = 2.30707e-18
Avogadro_Number = 6.02214e+23
voltconv = 14.3996
pkconv = 241.903
  Solute interior dielectric, epsin1 = 1
  Protein interior dielectric constant, epsin2 = 4
Vacuum dielectric constant, epsvac = 1

No blab level set (so no blabbing)
Using finite difference method with lattice levels:
                   Centering Style   grid dimension    spacing
Coarsest level: ON_GEOM_CENT resolved to (13.319, 37.4012, 4.51304)) 121 2
Finer level:    (24.5613, 37.674, 5.89211) 101 1
Finer level:    (24.5613, 37.674, 5.89211) 101 0.5
Finest level:   (24.5613, 37.674, 5.89211) 101 0.25


Self energy of scratch/PRTA/LYS3//site_d in three dielectric environment = 13.3248
(probably in kcal/mole, INCLUDING GRID ARTEFACTS)


Interaction energy of scratch/PRTA/LYS3//site_d with background charge set in three dielectric environment = -0.122602
(probably in kcal/mole)



Interaction energies of scratch/PRTA/LYS3//site_d with charges of given instances of sites (probably in kcal/mole).
Format: site instance energy

0   0 : 48.0025
0   1 : 26.6492
1   0 : 0.000104421
1   1 : -0.00222051
2   0 : 0.000207655
2   1 : 1.28853e-05
3   0 : -0.000127096
3   1 : -0.00190566
4   0 : -0.000281444
4   1 : -0.00619078
5   0 : -6.52042e-05
5   1 : -0.00229078
6   0 : 0.00683913
6   1 : 0.0195092
7   0 : 0.000484817
7   1 : 0.00239515
8   0 : 0.00173
8   1 : 0.0159051
9   0 : 0.000124039
9   1 : -0.00209089
10   0 : 5.57913e-05
10   1 : -0.00106991
11   0 : -0.00139832
11   1 : -1.48225e-05
12   0 : 0.000122331
12   1 : 0.00103795
13   0 : 1.19026e-05
13   1 : 0.000414576
14   0 : 6.82312e-06
14   1 : 2.28969e-05
15   0 : -1.4096e-06
15   1 : -8.97904e-05
16   0 : -0.000128473
16   1 : -0.00205584
17   0 : -9.36185e-05
17   1 : -0.000854986
18   0 : 9.89368e-05
18   1 : 9.94088e-06
19   0 : 1.20052e-05
19   1 : -0.0001581
20   0 : -3.60531e-05
20   1 : -0.00047491
21   0 : -0.00259214
21   1 : -6.00299e-05
22   0 : 0.000123893
22   1 : 0.00222678
23   0 : -6.60195e-05
23   1 : 0.00039681
Total runtime: 14.91 s user 0.15 s system 
