Starting /home/mikolaj/local/bin//my_3diel_solver for molecule named scratch/PRTA/ASP52//site_p
using the following physical conditions:
Exterior dielectric constant, epsext = 80
Solvent probe radius, solrad = 1.4
Ion exclusion layer thickness, sterln = 2
Temperature, T = 300
Ionic strength, ionicstr = 0.1
Hueckel factor (epsext*kappasq) = 0.843038
Debye length 1/kappa = 9.7414
ln(10) * kBolt * T = 0.00413389
kBolt = 5.98442e-06
conconv = 0.000602214
econv = 332.063
Bohr radius = 0.529177
Proton Charge = 1
elementary_charge = 1.60218e-19
energy_unit = 2.30707e-18
Avogadro_Number = 6.02214e+23
voltconv = 14.3996
pkconv = 241.903
  Solute interior dielectric, epsin1 = 1
  Protein interior dielectric constant, epsin2 = 4
Vacuum dielectric constant, epsvac = 1

No blab level set (so no blabbing)
WARNING: SAVanal_calc: vertex found with count = 2
WARNING: SAVanal_calc: vertex found with count = 1
WARNING: SAVanal_calc: vertex found with count = 2
WARNING: SAVanal_calc: vertex found with count = 2
WARNING: SAVanal_calc: vertex found with count = 1
WARNING: SAVanal_calc: vertex found with count = 2
Using finite difference method with lattice levels:
                   Centering Style   grid dimension    spacing
Coarsest level: ON_GEOM_CENT resolved to (-0.664701, 20.5141, 19.0512)) 121 2
Finer level:    (9.051, 20.5644, 21.7002) 101 1
Finer level:    (9.051, 20.5644, 21.7002) 101 0.5
Finest level:   (9.051, 20.5644, 21.7002) 101 0.25


Self energy of scratch/PRTA/ASP52//site_p in three dielectric environment = 224.578
(probably in kcal/mole, INCLUDING GRID ARTEFACTS)


Interaction energy of scratch/PRTA/ASP52//site_p with background charge set in three dielectric environment = -1.14716
(probably in kcal/mole)



Interaction energies of scratch/PRTA/ASP52//site_p with charges of given instances of sites (probably in kcal/mole).
Format: site instance energy

0   0 : 0.00289307
0   1 : 4.98599e-05
1   0 : 7.45594e-06
1   1 : -0.00278859
2   0 : 0.000487058
2   1 : 1.16904e-05
3   0 : 0.00475587
3   1 : 0.000293883
3   2 : -0.000565654
3   3 : -0.00484842
4   0 : 0.000327676
4   1 : -0.00067897
5   0 : -8.03763e-05
5   1 : -0.000723766
6   0 : 6.30091e-05
6   1 : 0.00200653
7   0 : 0.00455075
7   1 : 0.000122659
8   0 : 0.0165659
8   1 : 0.00373376
9   0 : 0.00497511
9   1 : 0.0488286
10   0 : 449.156
10   1 : 536.471
11   0 : -0.00533192
11   1 : -0.143315
12   0 : 5.70835e-05
12   1 : -0.0387795
13   0 : 0.000378474
13   1 : -0.00447156
14   0 : 0.00263657
14   1 : 0.000119982
15   0 : -0.000166156
15   1 : 3.18187e-06
16   0 : -0.000774859
16   1 : 0.00945672
17   0 : -0.00375901
17   1 : 4.6199e-05
18   0 : -2.39048e-05
18   1 : -0.000195586
Total runtime: 17.43 s user 0.16 s system 
