Starting /home/mikolaj/local/bin//my_2diel_solver for molecule named scratch/PRTA/HIS15//site_HSD
using the following physical conditions:
Exterior dielectric constant, epsext = 80
Solvent probe radius, solrad = 1.4
Ion exclusion layer thickness, sterln = 2
Temperature, T = 300
Ionic strength, ionicstr = 0.1
Hueckel factor (epsext*kappasq) = 0.843038
Debye length 1/kappa = 9.7414
ln(10) * kBolt * T = 0.00413389
kBolt = 5.98442e-06
conconv = 0.000602214
econv = 332.063
Bohr radius = 0.529177
Proton Charge = 1
elementary_charge = 1.60218e-19
energy_unit = 2.30707e-18
Avogadro_Number = 6.02214e+23
voltconv = 14.3996
pkconv = 241.903
  Solute interior dielectric, epsin = 4
Vacuum dielectric constant, epsvac = 1

No blab level set (so no blabbing)
/home/mikolaj/local/bin//my_2diel_solver: WARNING:  The atom, "0:0:0:0:15:CB",
   occurs in both the solute and protein atom sets.
   For defining the Electrolyte boundary, the protein version
   will be used.
/home/mikolaj/local/bin//my_2diel_solver: WARNING:  The atom, "0:0:0:0:15:CD2",
   occurs in both the solute and protein atom sets.
   For defining the Electrolyte boundary, the protein version
   will be used.
/home/mikolaj/local/bin//my_2diel_solver: WARNING:  The atom, "0:0:0:0:15:CE1",
   occurs in both the solute and protein atom sets.
   For defining the Electrolyte boundary, the protein version
   will be used.
/home/mikolaj/local/bin//my_2diel_solver: WARNING:  The atom, "0:0:0:0:15:CG",
   occurs in both the solute and protein atom sets.
   For defining the Electrolyte boundary, the protein version
   will be used.
/home/mikolaj/local/bin//my_2diel_solver: WARNING:  The atom, "0:0:0:0:15:HB1",
   occurs in both the solute and protein atom sets.
   For defining the Electrolyte boundary, the protein version
   will be used.
/home/mikolaj/local/bin//my_2diel_solver: WARNING:  The atom, "0:0:0:0:15:HB2",
   occurs in both the solute and protein atom sets.
   For defining the Electrolyte boundary, the protein version
   will be used.
/home/mikolaj/local/bin//my_2diel_solver: WARNING:  The atom, "0:0:0:0:15:HD1",
   occurs in both the solute and protein atom sets.
   For defining the Electrolyte boundary, the protein version
   will be used.
/home/mikolaj/local/bin//my_2diel_solver: WARNING:  The atom, "0:0:0:0:15:HD2",
   occurs in both the solute and protein atom sets.
   For defining the Electrolyte boundary, the protein version
   will be used.
/home/mikolaj/local/bin//my_2diel_solver: WARNING:  The atom, "0:0:0:0:15:HE1",
   occurs in both the solute and protein atom sets.
   For defining the Electrolyte boundary, the protein version
   will be used.
/home/mikolaj/local/bin//my_2diel_solver: WARNING:  The atom, "0:0:0:0:15:HE2",
   occurs in both the solute and protein atom sets.
   For defining the Electrolyte boundary, the protein version
   will be used.
/home/mikolaj/local/bin//my_2diel_solver: WARNING:  The atom, "0:0:0:0:15:ND1",
   occurs in both the solute and protein atom sets.
   For defining the Electrolyte boundary, the protein version
   will be used.
/home/mikolaj/local/bin//my_2diel_solver: WARNING:  The atom, "0:0:0:0:15:NE2",
   occurs in both the solute and protein atom sets.
   For defining the Electrolyte boundary, the protein version
   will be used.
Using finite difference method with lattice levels:
                   Centering Style   grid dimension    spacing
Coarsest level: ON_GEOM_CENT resolved to (-11.4372, 14.4355, 17.7559)) 121 2
Finer level:    (-9.687, 12.7983, 17.2544) 101 1
Finer level:    (-9.687, 12.7983, 17.2544) 101 0.5
Finest level:   (-9.687, 12.7983, 17.2544) 101 0.25


Self energy of scratch/PRTA/HIS15//site_HSD in two dielectric environment = 222.03
(probably in kcal/mole, INCLUDING GRID ARTEFACTS)


Interaction energy of scratch/PRTA/HIS15//site_HSD with background charge set in two dielectric environment = 0.00900496
(probably in kcal/mole)
Total runtime: 14.02 s user 0.05 s system 
