Starting /home/mikolaj/local/bin//my_3diel_solver for molecule named scratch/PRTA/HIS15//site_HSE
using the following physical conditions:
Exterior dielectric constant, epsext = 80
Solvent probe radius, solrad = 1.4
Ion exclusion layer thickness, sterln = 2
Temperature, T = 300
Ionic strength, ionicstr = 0.1
Hueckel factor (epsext*kappasq) = 0.843038
Debye length 1/kappa = 9.7414
ln(10) * kBolt * T = 0.00413389
kBolt = 5.98442e-06
conconv = 0.000602214
econv = 332.063
Bohr radius = 0.529177
Proton Charge = 1
elementary_charge = 1.60218e-19
energy_unit = 2.30707e-18
Avogadro_Number = 6.02214e+23
voltconv = 14.3996
pkconv = 241.903
  Solute interior dielectric, epsin1 = 1
  Protein interior dielectric constant, epsin2 = 4
Vacuum dielectric constant, epsvac = 1

No blab level set (so no blabbing)
WARNING: SAVanal_calc: vertex found with count = 2
WARNING: SAVanal_calc: vertex found with count = 1
WARNING: SAVanal_calc: vertex found with count = 2
WARNING: SAVanal_calc: vertex found with count = 2
WARNING: SAVanal_calc: vertex found with count = 1
WARNING: SAVanal_calc: vertex found with count = 2
Using finite difference method with lattice levels:
                   Centering Style   grid dimension    spacing
Coarsest level: ON_GEOM_CENT resolved to (-0.664701, 20.5141, 19.0512)) 121 2
Finer level:    (-9.687, 12.7983, 17.2544) 101 1
Finer level:    (-9.687, 12.7983, 17.2544) 101 0.5
Finest level:   (-9.687, 12.7983, 17.2544) 101 0.25


Self energy of scratch/PRTA/HIS15//site_HSE in three dielectric environment = 229.063
(probably in kcal/mole, INCLUDING GRID ARTEFACTS)


Interaction energy of scratch/PRTA/HIS15//site_HSE with background charge set in three dielectric environment = 0.410868
(probably in kcal/mole)



Interaction energies of scratch/PRTA/HIS15//site_HSE with charges of given instances of sites (probably in kcal/mole).
Format: site instance energy

0   0 : -0.0263353
0   1 : 0.000436265
1   0 : -0.0054061
1   1 : 0.0265832
2   0 : -0.0217903
2   1 : -0.000365692
3   0 : 434.733
3   1 : 292.013
3   2 : 458.09
3   3 : 419.531
4   0 : -0.00500184
4   1 : 0.0121538
5   0 : -0.000739686
5   1 : -0.00974237
6   0 : 0.00057725
6   1 : 0.00267368
7   0 : -0.0037235
7   1 : -0.000117899
8   0 : -0.00205144
8   1 : 0.00814061
9   0 : 5.59274e-05
9   1 : 0.000621958
10   0 : -0.000568105
10   1 : 0.00311387
11   0 : 3.23365e-05
11   1 : 0.00172221
12   0 : -1.60376e-05
12   1 : 0.000411199
13   0 : -0.0271947
13   1 : -0.11391
14   0 : 0.112936
14   1 : -0.000506563
15   0 : 0.006331
15   1 : 5.63664e-05
16   0 : -0.000215024
16   1 : -0.00122084
17   0 : -0.000735603
17   1 : -1.16743e-05
18   0 : 3.02713e-05
18   1 : 0.0014428
Total runtime: 15.66 s user 0.11 s system 
