Starting /home/mikolaj/local/bin//my_3diel_solver for molecule named scratch/PRTA/LYS51//site_p
using the following physical conditions:
Exterior dielectric constant, epsext = 80
Solvent probe radius, solrad = 1.4
Ion exclusion layer thickness, sterln = 2
Temperature, T = 300
Ionic strength, ionicstr = 0.1
Hueckel factor (epsext*kappasq) = 0.843038
Debye length 1/kappa = 9.7414
ln(10) * kBolt * T = 0.00413389
kBolt = 5.98442e-06
conconv = 0.000602214
econv = 332.063
Bohr radius = 0.529177
Proton Charge = 1
elementary_charge = 1.60218e-19
energy_unit = 2.30707e-18
Avogadro_Number = 6.02214e+23
voltconv = 14.3996
pkconv = 241.903
  Solute interior dielectric, epsin1 = 1
  Protein interior dielectric constant, epsin2 = 4
Vacuum dielectric constant, epsvac = 1

No blab level set (so no blabbing)
Using finite difference method with lattice levels:
                   Centering Style   grid dimension    spacing
Coarsest level: ON_GEOM_CENT resolved to (13.319, 37.4012, 4.51304)) 121 2
Finer level:    (19.4853, 31.308, -2.13763) 101 1
Finer level:    (19.4853, 31.308, -2.13763) 101 0.5
Finest level:   (19.4853, 31.308, -2.13763) 101 0.25


Self energy of scratch/PRTA/LYS51//site_p in three dielectric environment = 99.405
(probably in kcal/mole, INCLUDING GRID ARTEFACTS)


Interaction energy of scratch/PRTA/LYS51//site_p with background charge set in three dielectric environment = -0.514022
(probably in kcal/mole)



Interaction energies of scratch/PRTA/LYS51//site_p with charges of given instances of sites (probably in kcal/mole).
Format: site instance energy

0   0 : 0.164467
0   1 : -0.00260612
1   0 : 5.48891e-05
1   1 : -0.0746685
2   0 : 0.089782
2   1 : -7.1251e-05
3   0 : -0.00281169
3   1 : -0.0256917
4   0 : -0.00609184
4   1 : -0.0552427
5   0 : -0.0156067
5   1 : -0.253091
6   0 : -0.0101563
6   1 : -0.141065
7   0 : -0.0928808
7   1 : -1.2968
8   0 : -0.00858606
8   1 : -0.146373
9   0 : 0.00613143
9   1 : -0.0287831
10   0 : 0.000162333
10   1 : -0.00933156
11   0 : 0.474763
11   1 : 0.00564964
12   0 : -0.141656
12   1 : -1.20318
13   0 : 0.0117592
13   1 : -0.136095
14   0 : -0.00434818
14   1 : -0.0648073
15   0 : 4.18773e-05
15   1 : -0.0173484
16   0 : -0.000634249
16   1 : -0.055128
17   0 : -0.00253812
17   1 : -0.0218469
18   0 : 0.175553
18   1 : 0.000134294
19   0 : -0.000928937
19   1 : -0.0451051
20   0 : 0.0182972
20   1 : -0.112295
21   0 : 198.882
21   1 : 59.2121
22   0 : 0.0152288
22   1 : -1.13216
23   0 : 0.00391407
23   1 : -0.128907
Total runtime: 16.35 s user 0.12 s system 
