Starting /home/mikolaj/local/bin//my_3diel_solver for molecule named scratch/PRTA/HIS5//site_HSD
using the following physical conditions:
Exterior dielectric constant, epsext = 80
Solvent probe radius, solrad = 1.4
Ion exclusion layer thickness, sterln = 2
Temperature, T = 300
Ionic strength, ionicstr = 0.1
Hueckel factor (epsext*kappasq) = 0.843038
Debye length 1/kappa = 9.7414
ln(10) * kBolt * T = 0.00413389
kBolt = 5.98442e-06
conconv = 0.000602214
econv = 332.063
Bohr radius = 0.529177
Proton Charge = 1
elementary_charge = 1.60218e-19
energy_unit = 2.30707e-18
Avogadro_Number = 6.02214e+23
voltconv = 14.3996
pkconv = 241.903
  Solute interior dielectric, epsin1 = 1
  Protein interior dielectric constant, epsin2 = 4
Vacuum dielectric constant, epsvac = 1

No blab level set (so no blabbing)
Using finite difference method with lattice levels:
                   Centering Style   grid dimension    spacing
Coarsest level: ON_GEOM_CENT resolved to (5.19565, 4.71925, 4.86556)) 121 2
Finer level:    (1.82311, 0.224498, 6.05708) 101 1
Finer level:    (1.82311, 0.224498, 6.05708) 101 0.5
Finest level:   (1.82311, 0.224498, 6.05708) 101 0.25


Self energy of scratch/PRTA/HIS5//site_HSD in three dielectric environment = 184.279
(probably in kcal/mole, INCLUDING GRID ARTEFACTS)


Interaction energy of scratch/PRTA/HIS5//site_HSD with background charge set in three dielectric environment = -0.334515
(probably in kcal/mole)



Interaction energies of scratch/PRTA/HIS5//site_HSD with charges of given instances of sites (probably in kcal/mole).
Format: site instance energy

0   0 : 343.097
0   1 : 368.57
0   2 : 246.911
0   3 : 333.83
1   0 : -0.0437797
1   1 : -0.140051
Total runtime: 8.96 s user 0.05 s system 
